-- Regression test: recall_lessons() graph_proximity mixin (v0.19.0 D3: max_depth=2)
-- Pure-SQL predicate checks; no live table required.
-- Recall@10 targets: ≥0.55 on 100-row synthetic, ≥0.45 on 1000-row LOO.
-- 1. Formula coefficient breakdown (fixed terms, defaults γ=0.2 δ=0.2)
--    cosine=0.4, importance=0.2, prov_strength=0.1; variable: γ×recency + δ×graph_proximity
SELECT
    0.4  AS cosine_weight,
    0.2  AS importance_weight,
    0.1  AS prov_strength_weight,
    0.4 + 0.2 + 0.1 AS fixed_weight_sum,
    (0.4 + 0.2 + 0.1) < 1.0 AS leaves_room_for_recency_and_graph;
 cosine_weight | importance_weight | prov_strength_weight | fixed_weight_sum | leaves_room_for_recency_and_graph 
---------------+-------------------+----------------------+------------------+-----------------------------------
           0.4 |               0.2 |                  0.1 |              0.7 | t
(1 row)

-- Expected: cosine=0.4, importance=0.2, prov_strength=0.1, sum=0.7, t
-- 2. graph_proximity formula: 1.0 - depth/max_depth (D3 v0.19.0: max_depth=2)
-- At max_depth=2: depth 0 and 1 expand (0 < 2, 1 < 2); depth 2 reaches but doesn't expand (2 < 2 = f).
-- Useful proximity: depth1 = 0.50; depth2 = 0.00 (zero-weight; cycle guard keeps row count tiny).
SELECT
    round((1.0 - 1::float / 2)::numeric, 2) AS proximity_depth1,
    round((1.0 - 2::float / 2)::numeric, 2) AS proximity_depth2;
 proximity_depth1 | proximity_depth2 
------------------+------------------
             0.50 |             0.00
(1 row)

-- Expected: 0.50, 0.00
-- 3. GUC range clamping: GREATEST(0.0, LEAST(0.5, input))
SELECT
    GREATEST(0.0, LEAST(0.5, -0.1::float)) AS clamp_below_zero,
    GREATEST(0.0, LEAST(0.5,  0.0::float)) AS clamp_at_min,
    GREATEST(0.0, LEAST(0.5,  0.2::float)) AS clamp_midpoint,
    GREATEST(0.0, LEAST(0.5,  0.5::float)) AS clamp_at_max,
    GREATEST(0.0, LEAST(0.5,  0.9::float)) AS clamp_above_max;
 clamp_below_zero | clamp_at_min | clamp_midpoint | clamp_at_max | clamp_above_max 
------------------+--------------+----------------+--------------+-----------------
                0 |            0 |            0.2 |          0.5 |             0.5
(1 row)

-- Expected: 0, 0, 0.2, 0.5, 0.5
-- 4. COALESCE sentinel: non-anchor lessons get proximity=0 (no graph signal)
SELECT
    COALESCE(NULL::float,  0.0) AS no_graph_signal,
    COALESCE(0.8::float,   0.0) AS depth1_signal,
    COALESCE(0.0::float,   0.0) AS zero_proximity_passthrough;
 no_graph_signal | depth1_signal | zero_proximity_passthrough 
-----------------+---------------+----------------------------
               0 |           0.8 |                          0
(1 row)

-- Expected: 0, 0.8, 0
-- 5. Score upper bound check: with all components maxed at defaults
--    max = 0.4*1 + 0.2*1 + 0.2*1 + 0.1*1 + 0.2*1 = 1.1
SELECT
    round((0.4*1.0 + 0.2*1.0 + 0.2*1.0 + 0.1*1.0 + 0.2*1.0)::numeric, 1) AS max_score_defaults,
    round((0.4*1.0 + 0.2*1.0 + 0.2*1.0 + 0.1*1.0 + 0.5*1.0)::numeric, 1) AS max_score_delta05;
 max_score_defaults | max_score_delta05 
--------------------+-------------------
                1.1 |               1.4
(1 row)

-- Expected: 1.1, 1.4
-- 6. Edge types traversed by graph_walk (causal, temporal, derives_from)
SELECT
    ('causal'       = ANY(ARRAY['causal','temporal','derives_from'])) AS causal_included,
    ('temporal'     = ANY(ARRAY['causal','temporal','derives_from'])) AS temporal_included,
    ('derives_from' = ANY(ARRAY['causal','temporal','derives_from'])) AS derives_from_included,
    ('semantic'     = ANY(ARRAY['causal','temporal','derives_from'])) AS semantic_excluded,
    ('contradicts'  = ANY(ARRAY['causal','temporal','derives_from'])) AS contradicts_excluded;
 causal_included | temporal_included | derives_from_included | semantic_excluded | contradicts_excluded 
-----------------+-------------------+-----------------------+-------------------+----------------------
 t               | t                 | t                     | f                 | f
(1 row)

-- Expected: t, t, t, f, f
-- 7. depth guard: traversal halts when depth >= max_depth (D3 v0.19.0: depth < 2)
SELECT
    (0 < 2) AS depth0_traverses,
    (1 < 2) AS depth1_traverses,
    (2 < 2) AS depth2_blocked,
    (3 < 2) AS depth3_blocked;
 depth0_traverses | depth1_traverses | depth2_blocked | depth3_blocked 
------------------+------------------+----------------+----------------
 t                | t                | f              | f
(1 row)

-- Expected: t, t, f, f
-- 8. Recall@10 performance targets (validated offline; thresholds recorded here)
SELECT
    0.55 AS recall_at10_target_100row_synthetic,
    0.45 AS recall_at10_target_1000row_loo,
    'graph_proximity mixin vs cosine-only baseline'::TEXT AS benchmark_comparison;
 recall_at10_target_100row_synthetic | recall_at10_target_1000row_loo |             benchmark_comparison              
-------------------------------------+--------------------------------+-----------------------------------------------
                                0.55 |                           0.45 | graph_proximity mixin vs cosine-only baseline
(1 row)

-- Expected: targets documented (live evaluation run offline)
